[2025-06-30T22:22:59.881Z] [INFO] MongoDB URI:
[2025-06-30T22:22:59.897Z] [INFO] Server running on port 3001
[2025-06-30T22:22:59.941Z] [INFO] MongoDB URI:
[2025-06-30T22:22:59.955Z] [INFO] Server running on port 3001
[2025-06-30T22:23:00.636Z] [INFO] connected to MongoDB
[2025-06-30T22:23:00.712Z] [INFO] connected to MongoDB
[2025-06-30T22:24:34.656Z] [INFO] MongoDB URI:
[2025-06-30T22:24:34.671Z] [INFO] Server running on port 3001
[2025-06-30T22:24:34.752Z] [INFO] MongoDB URI:
[2025-06-30T22:24:34.767Z] [INFO] Server running on port 3001
[2025-06-30T22:24:35.602Z] [INFO] connected to MongoDB
[2025-06-30T22:24:35.629Z] [INFO] connected to MongoDB
[2025-07-01T10:38:58.521Z] [INFO] MongoDB URI: mongodb+srv://jorgebalibrea1:SjbcW9aFspxrLXXd@cluster0.y2sr1wq.mongodb.net/shurl-dev?retryWrites=true&w=majority&appName=Cluster0
[2025-07-01T10:38:58.541Z] [INFO] Server running on port 3001
[2025-07-01T10:38:59.207Z] [INFO] connected to MongoDB
[2025-07-01T10:39:34.588Z] [INFO] MongoDB URI: mongodb+srv://jorgebalibrea1:SjbcW9aFspxrLXXd@cluster0.y2sr1wq.mongodb.net/shurl-dev?retryWrites=true&w=majority&appName=Cluster0
[2025-07-01T10:39:34.605Z] [INFO] Server running on port 3001
[2025-07-01T10:39:35.124Z] [INFO] connected to MongoDB
[2025-07-01T10:46:50.194Z] [INFO] MongoDB URI: mongodb+srv://jorgebalibrea1:SjbcW9aFspxrLXXd@cluster0.y2sr1wq.mongodb.net/shurl-dev?retryWrites=true&w=majority&appName=Cluster0
[2025-07-01T10:46:50.213Z] [INFO] Server running on port 3001
[2025-07-01T10:46:50.804Z] [INFO] connected to MongoDB
[2025-07-01T10:47:07.064Z] [INFO] MongoDB URI: mongodb+srv://jorgebalibrea1:SjbcW9aFspxrLXXd@cluster0.y2sr1wq.mongodb.net/shurl-dev?retryWrites=true&w=majority&appName=Cluster0
[2025-07-01T10:47:07.083Z] [INFO] Server running on port 3001
[2025-07-01T10:47:07.632Z] [INFO] connected to MongoDB
[2025-07-01T10:49:19.882Z] [INFO] MongoDB URI: mongodb+srv://jorgebalibrea1:SjbcW9aFspxrLXXd@cluster0.y2sr1wq.mongodb.net/shurl-dev?retryWrites=true&w=majority&appName=Cluster0
[2025-07-01T10:49:19.905Z] [INFO] Server running on port 3001
[2025-07-01T10:49:20.544Z] [INFO] connected to MongoDB
[2025-07-01T10:54:35.587Z] [INFO] MongoDB URI: mongodb+srv://jorgebalibrea1:SjbcW9aFspxrLXXd@cluster0.y2sr1wq.mongodb.net/shurl-dev?retryWrites=true&w=majority&appName=Cluster0
[2025-07-01T10:54:35.604Z] [INFO] Server running on port 3001
[2025-07-01T10:54:36.223Z] [INFO] connected to MongoDB
[2025-07-01T10:55:06.183Z] [INFO] MongoDB URI: mongodb+srv://jorgebalibrea1:SjbcW9aFspxrLXXd@cluster0.y2sr1wq.mongodb.net/shurl-dev?retryWrites=true&w=majority&appName=Cluster0
[2025-07-01T10:55:06.204Z] [INFO] Server running on port 3001
[2025-07-01T10:55:06.714Z] [INFO] connected to MongoDB
[2025-07-01T10:56:17.502Z] [INFO] MongoDB URI: mongodb+srv://jorgebalibrea1:SjbcW9aFspxrLXXd@cluster0.y2sr1wq.mongodb.net/shurl-dev?retryWrites=true&w=majority&appName=Cluster0
[2025-07-01T10:56:17.526Z] [INFO] Server running on port 3001
[2025-07-01T10:56:18.192Z] [INFO] connected to MongoDB
[2025-07-01T10:56:26.592Z] [INFO] MongoDB URI: mongodb+srv://jorgebalibrea1:SjbcW9aFspxrLXXd@cluster0.y2sr1wq.mongodb.net/shurl-dev?retryWrites=true&w=majority&appName=Cluster0
[2025-07-01T10:56:26.612Z] [INFO] Server running on port 3001
[2025-07-01T10:56:27.148Z] [INFO] connected to MongoDB
[2025-07-01T10:57:08.781Z] [INFO] MongoDB URI: mongodb+srv://jorgebalibrea1:SjbcW9aFspxrLXXd@cluster0.y2sr1wq.mongodb.net/shurl-dev?retryWrites=true&w=majority&appName=Cluster0
[2025-07-01T10:57:08.800Z] [INFO] Server running on port 3001
[2025-07-01T10:57:09.383Z] [INFO] connected to MongoDB
[2025-07-01T10:59:38.664Z] [INFO] MongoDB URI: mongodb+srv://jorgebalibrea1:SjbcW9aFspxrLXXd@cluster0.y2sr1wq.mongodb.net/shurl-dev?retryWrites=true&w=majority&appName=Cluster0
[2025-07-01T10:59:38.685Z] [INFO] Server running on port 3001
[2025-07-01T10:59:39.302Z] [INFO] connected to MongoDB
[2025-07-01T11:01:52.582Z] [INFO] MongoDB URI: mongodb+srv://jorgebalibrea1:SjbcW9aFspxrLXXd@cluster0.y2sr1wq.mongodb.net/shurl-dev?retryWrites=true&w=majority&appName=Cluster0
[2025-07-01T11:01:52.605Z] [INFO] Server running on port 3001
[2025-07-01T11:01:53.196Z] [INFO] connected to MongoDB
[2025-07-01T11:01:59.373Z] [INFO] MongoDB URI: mongodb+srv://jorgebalibrea1:SjbcW9aFspxrLXXd@cluster0.y2sr1wq.mongodb.net/shurl-dev?retryWrites=true&w=majority&appName=Cluster0
[2025-07-01T11:01:59.391Z] [INFO] Server running on port 3001
[2025-07-01T11:01:59.907Z] [INFO] connected to MongoDB
[2025-07-01T11:04:26.648Z] [ERROR] 
### [UnauthorizedError] ### Invalid token

UnauthorizedError: Invalid token
    at authenticate (/home/jbalibrea/projects/shortener/api/src/middleware/authenticate.ts:26:10)
    at Layer.handleRequest (/home/jbalibrea/projects/shortener/api/node_modules/.pnpm/router@2.2.0/node_modules/router/lib/layer.js:152:17)
    at next (/home/jbalibrea/projects/shortener/api/node_modules/.pnpm/router@2.2.0/node_modules/router/lib/route.js:157:13)
    at Route.dispatch (/home/jbalibrea/projects/shortener/api/node_modules/.pnpm/router@2.2.0/node_modules/router/lib/route.js:117:3)
    at handle (/home/jbalibrea/projects/shortener/api/node_modules/.pnpm/router@2.2.0/node_modules/router/index.js:435:11)
    at Layer.handleRequest (/home/jbalibrea/projects/shortener/api/node_modules/.pnpm/router@2.2.0/node_modules/router/lib/layer.js:152:17)
    at /home/jbalibrea/projects/shortener/api/node_modules/.pnpm/router@2.2.0/node_modules/router/index.js:295:15
    at processParams (/home/jbalibrea/projects/shortener/api/node_modules/.pnpm/router@2.2.0/node_modules/router/index.js:582:12)
    at next (/home/jbalibrea/projects/shortener/api/node_modules/.pnpm/router@2.2.0/node_modules/router/index.js:291:5)
    at Function.handle (/home/jbalibrea/projects/shortener/api/node_modules/.pnpm/router@2.2.0/node_modules/router/index.js:186:3)
[2025-07-01T12:31:36.316Z] [ERROR] 
### [UnauthorizedError] ### Invalid token

UnauthorizedError: Invalid token
    at authenticate (/home/jbalibrea/projects/shortener/api/src/middleware/authenticate.ts:26:10)
    at Layer.handleRequest (/home/jbalibrea/projects/shortener/api/node_modules/.pnpm/router@2.2.0/node_modules/router/lib/layer.js:152:17)
    at next (/home/jbalibrea/projects/shortener/api/node_modules/.pnpm/router@2.2.0/node_modules/router/lib/route.js:157:13)
    at Route.dispatch (/home/jbalibrea/projects/shortener/api/node_modules/.pnpm/router@2.2.0/node_modules/router/lib/route.js:117:3)
    at handle (/home/jbalibrea/projects/shortener/api/node_modules/.pnpm/router@2.2.0/node_modules/router/index.js:435:11)
    at Layer.handleRequest (/home/jbalibrea/projects/shortener/api/node_modules/.pnpm/router@2.2.0/node_modules/router/lib/layer.js:152:17)
    at /home/jbalibrea/projects/shortener/api/node_modules/.pnpm/router@2.2.0/node_modules/router/index.js:295:15
    at processParams (/home/jbalibrea/projects/shortener/api/node_modules/.pnpm/router@2.2.0/node_modules/router/index.js:582:12)
    at next (/home/jbalibrea/projects/shortener/api/node_modules/.pnpm/router@2.2.0/node_modules/router/index.js:291:5)
    at Function.handle (/home/jbalibrea/projects/shortener/api/node_modules/.pnpm/router@2.2.0/node_modules/router/index.js:186:3)
[2025-07-01T12:31:44.087Z] [ERROR] 
### [UnauthorizedError] ### Invalid token

UnauthorizedError: Invalid token
    at authenticate (/home/jbalibrea/projects/shortener/api/src/middleware/authenticate.ts:26:10)
    at Layer.handleRequest (/home/jbalibrea/projects/shortener/api/node_modules/.pnpm/router@2.2.0/node_modules/router/lib/layer.js:152:17)
    at next (/home/jbalibrea/projects/shortener/api/node_modules/.pnpm/router@2.2.0/node_modules/router/lib/route.js:157:13)
    at Route.dispatch (/home/jbalibrea/projects/shortener/api/node_modules/.pnpm/router@2.2.0/node_modules/router/lib/route.js:117:3)
    at handle (/home/jbalibrea/projects/shortener/api/node_modules/.pnpm/router@2.2.0/node_modules/router/index.js:435:11)
    at Layer.handleRequest (/home/jbalibrea/projects/shortener/api/node_modules/.pnpm/router@2.2.0/node_modules/router/lib/layer.js:152:17)
    at /home/jbalibrea/projects/shortener/api/node_modules/.pnpm/router@2.2.0/node_modules/router/index.js:295:15
    at processParams (/home/jbalibrea/projects/shortener/api/node_modules/.pnpm/router@2.2.0/node_modules/router/index.js:582:12)
    at next (/home/jbalibrea/projects/shortener/api/node_modules/.pnpm/router@2.2.0/node_modules/router/index.js:291:5)
    at Function.handle (/home/jbalibrea/projects/shortener/api/node_modules/.pnpm/router@2.2.0/node_modules/router/index.js:186:3)
[2025-07-01T12:31:50.375Z] [ERROR] 
### [UnauthorizedError] ### Invalid token

UnauthorizedError: Invalid token
    at authenticate (/home/jbalibrea/projects/shortener/api/src/middleware/authenticate.ts:26:10)
    at Layer.handleRequest (/home/jbalibrea/projects/shortener/api/node_modules/.pnpm/router@2.2.0/node_modules/router/lib/layer.js:152:17)
    at next (/home/jbalibrea/projects/shortener/api/node_modules/.pnpm/router@2.2.0/node_modules/router/lib/route.js:157:13)
    at Route.dispatch (/home/jbalibrea/projects/shortener/api/node_modules/.pnpm/router@2.2.0/node_modules/router/lib/route.js:117:3)
    at handle (/home/jbalibrea/projects/shortener/api/node_modules/.pnpm/router@2.2.0/node_modules/router/index.js:435:11)
    at Layer.handleRequest (/home/jbalibrea/projects/shortener/api/node_modules/.pnpm/router@2.2.0/node_modules/router/lib/layer.js:152:17)
    at /home/jbalibrea/projects/shortener/api/node_modules/.pnpm/router@2.2.0/node_modules/router/index.js:295:15
    at processParams (/home/jbalibrea/projects/shortener/api/node_modules/.pnpm/router@2.2.0/node_modules/router/index.js:582:12)
    at next (/home/jbalibrea/projects/shortener/api/node_modules/.pnpm/router@2.2.0/node_modules/router/index.js:291:5)
    at Function.handle (/home/jbalibrea/projects/shortener/api/node_modules/.pnpm/router@2.2.0/node_modules/router/index.js:186:3)
[2025-07-01T12:32:31.078Z] [ERROR] 
### [UnauthorizedError] ### Invalid username or password

UnauthorizedError: Invalid username or password
    at /home/jbalibrea/projects/shortener/api/src/services/auth.service.ts:89:11
    at Generator.next (<anonymous>)
    at fulfilled (/home/jbalibrea/projects/shortener/api/src/services/auth.service.ts:10:58)
[2025-07-01T12:32:58.841Z] [ERROR] 
### [UnauthorizedError] ### Invalid username or password

UnauthorizedError: Invalid username or password
    at /home/jbalibrea/projects/shortener/api/src/services/auth.service.ts:89:11
    at Generator.next (<anonymous>)
    at fulfilled (/home/jbalibrea/projects/shortener/api/src/services/auth.service.ts:10:58)
[2025-07-01T12:35:22.416Z] [ERROR] 
### [UnauthorizedError] ### Invalid username or password

UnauthorizedError: Invalid username or password
    at /home/jbalibrea/projects/shortener/api/src/services/auth.service.ts:89:11
    at Generator.next (<anonymous>)
    at fulfilled (/home/jbalibrea/projects/shortener/api/src/services/auth.service.ts:10:58)
[2025-07-01T12:35:37.330Z] [ERROR] 
### [UnauthorizedError] ### Insufficient permissions

UnauthorizedError: Insufficient permissions
    at /home/jbalibrea/projects/shortener/api/src/middleware/authenticate.ts:41:19
    at Layer.handleRequest (/home/jbalibrea/projects/shortener/api/node_modules/.pnpm/router@2.2.0/node_modules/router/lib/layer.js:152:17)
    at next (/home/jbalibrea/projects/shortener/api/node_modules/.pnpm/router@2.2.0/node_modules/router/lib/route.js:157:13)
    at authenticate (/home/jbalibrea/projects/shortener/api/src/middleware/authenticate.ts:24:5)
    at Layer.handleRequest (/home/jbalibrea/projects/shortener/api/node_modules/.pnpm/router@2.2.0/node_modules/router/lib/layer.js:152:17)
    at next (/home/jbalibrea/projects/shortener/api/node_modules/.pnpm/router@2.2.0/node_modules/router/lib/route.js:157:13)
    at Route.dispatch (/home/jbalibrea/projects/shortener/api/node_modules/.pnpm/router@2.2.0/node_modules/router/lib/route.js:117:3)
    at handle (/home/jbalibrea/projects/shortener/api/node_modules/.pnpm/router@2.2.0/node_modules/router/index.js:435:11)
    at Layer.handleRequest (/home/jbalibrea/projects/shortener/api/node_modules/.pnpm/router@2.2.0/node_modules/router/lib/layer.js:152:17)
    at /home/jbalibrea/projects/shortener/api/node_modules/.pnpm/router@2.2.0/node_modules/router/index.js:295:15
[2025-07-01T12:41:06.206Z] [ERROR] 
### [NotFoundError] ### Short URL not found for peL20

NotFoundError: Short URL not found for peL20
    at /home/jbalibrea/projects/shortener/api/src/services/shortURL.service.ts:155:11
    at Generator.next (<anonymous>)
    at fulfilled (/home/jbalibrea/projects/shortener/api/src/services/shortURL.service.ts:10:58)
    at processTicksAndRejections (node:internal/process/task_queues:105:5)
[2025-07-01T12:41:50.682Z] [ERROR] 
### [UnauthorizedError] ### No authorization token provided

UnauthorizedError: No authorization token provided
    at /home/jbalibrea/projects/shortener/api/src/services/shortURL.service.ts:142:11
    at Generator.next (<anonymous>)
    at /home/jbalibrea/projects/shortener/api/src/services/shortURL.service.ts:13:71
    at new Promise (<anonymous>)
    at __awaiter (/home/jbalibrea/projects/shortener/api/src/services/shortURL.service.ts:9:12)
    at Object.deleteShortURL (/home/jbalibrea/projects/shortener/api/src/services/shortURL.service.ts:140:5)
    at /home/jbalibrea/projects/shortener/api/src/controllers/shortURLController.ts:122:18
    at Generator.next (<anonymous>)
    at /home/jbalibrea/projects/shortener/api/src/controllers/shortURLController.ts:13:71
    at new Promise (<anonymous>)
[2025-07-01T12:42:15.895Z] [ERROR] 
### [NotFoundError] ### Short URL not found for peL20

NotFoundError: Short URL not found for peL20
    at /home/jbalibrea/projects/shortener/api/src/services/shortURL.service.ts:155:11
    at Generator.next (<anonymous>)
    at fulfilled (/home/jbalibrea/projects/shortener/api/src/services/shortURL.service.ts:10:58)
    at processTicksAndRejections (node:internal/process/task_queues:105:5)
[2025-07-01T12:42:36.471Z] [INFO] MongoDB URI: mongodb+srv://jorgebalibrea1:SjbcW9aFspxrLXXd@cluster0.y2sr1wq.mongodb.net/shurl-dev?retryWrites=true&w=majority&appName=Cluster0
[2025-07-01T12:42:36.491Z] [INFO] Server running on port 3001
[2025-07-01T12:42:37.975Z] [INFO] connected to MongoDB
[2025-07-01T12:42:38.032Z] [ERROR] 
### [NotFoundError] ### Short URL not found for peL20

NotFoundError: Short URL not found for peL20
    at /home/jbalibrea/projects/shortener/api/src/services/shortURL.service.ts:157:11
    at Generator.next (<anonymous>)
    at fulfilled (/home/jbalibrea/projects/shortener/api/src/services/shortURL.service.ts:10:58)
    at processTicksAndRejections (node:internal/process/task_queues:105:5)
[2025-07-01T13:22:41.988Z] [INFO] MongoDB URI: mongodb+srv://jorgebalibrea1:SjbcW9aFspxrLXXd@cluster0.y2sr1wq.mongodb.net/shurl-dev?retryWrites=true&w=majority&appName=Cluster0
[2025-07-01T13:22:42.005Z] [INFO] Server running on port 3001
[2025-07-01T13:22:43.421Z] [INFO] connected to MongoDB
[2025-07-01T13:24:57.661Z] [INFO] MongoDB URI: mongodb+srv://jorgebalibrea1:SjbcW9aFspxrLXXd@cluster0.y2sr1wq.mongodb.net/shurl-dev?retryWrites=true&w=majority&appName=Cluster0
[2025-07-01T13:24:57.678Z] [INFO] Server running on port 3001
[2025-07-01T13:24:58.306Z] [INFO] connected to MongoDB
[2025-07-01T13:31:11.864Z] [ERROR] 
### [Error] ### Short URL not found for peL20dff

Error: Short URL not found for peL20dff
    at /home/jbalibrea/projects/shortener/api/src/services/shortURL.service.ts:116:11
    at Generator.next (<anonymous>)
    at fulfilled (/home/jbalibrea/projects/shortener/api/src/services/shortURL.service.ts:10:58)
    at processTicksAndRejections (node:internal/process/task_queues:105:5)
[2025-07-01T13:32:32.635Z] [ERROR] 
### [Error] ### Short URL not found for peL20dff

Error: Short URL not found for peL20dff
    at /home/jbalibrea/projects/shortener/api/src/services/shortURL.service.ts:116:11
    at Generator.next (<anonymous>)
    at fulfilled (/home/jbalibrea/projects/shortener/api/src/services/shortURL.service.ts:10:58)
    at processTicksAndRejections (node:internal/process/task_queues:105:5)
[2025-07-01T13:32:32.669Z] [ERROR] 
### [Error] ### Short URL not found for peL20dff

Error: Short URL not found for peL20dff
    at /home/jbalibrea/projects/shortener/api/src/services/shortURL.service.ts:116:11
    at Generator.next (<anonymous>)
    at fulfilled (/home/jbalibrea/projects/shortener/api/src/services/shortURL.service.ts:10:58)
    at processTicksAndRejections (node:internal/process/task_queues:105:5)
[2025-07-01T13:32:39.044Z] [ERROR] 
### [Error] ### Short URL not found for peL20d

Error: Short URL not found for peL20d
    at /home/jbalibrea/projects/shortener/api/src/services/shortURL.service.ts:116:11
    at Generator.next (<anonymous>)
    at fulfilled (/home/jbalibrea/projects/shortener/api/src/services/shortURL.service.ts:10:58)
    at processTicksAndRejections (node:internal/process/task_queues:105:5)
[2025-07-01T13:32:39.106Z] [ERROR] 
### [Error] ### Short URL not found for peL20d

Error: Short URL not found for peL20d
    at /home/jbalibrea/projects/shortener/api/src/services/shortURL.service.ts:116:11
    at Generator.next (<anonymous>)
    at fulfilled (/home/jbalibrea/projects/shortener/api/src/services/shortURL.service.ts:10:58)
    at processTicksAndRejections (node:internal/process/task_queues:105:5)
[2025-07-01T13:33:53.809Z] [INFO] MongoDB URI: mongodb+srv://jorgebalibrea1:SjbcW9aFspxrLXXd@cluster0.y2sr1wq.mongodb.net/shurl-dev?retryWrites=true&w=majority&appName=Cluster0
[2025-07-01T13:33:53.828Z] [INFO] Server running on port 3001
[2025-07-01T13:33:54.479Z] [INFO] connected to MongoDB
[2025-07-01T13:35:25.328Z] [INFO] MongoDB URI: mongodb+srv://jorgebalibrea1:SjbcW9aFspxrLXXd@cluster0.y2sr1wq.mongodb.net/shurl-dev?retryWrites=true&w=majority&appName=Cluster0
[2025-07-01T13:35:25.343Z] [INFO] Server running on port 3001
[2025-07-01T13:35:28.686Z] [INFO] connected to MongoDB
[2025-07-01T13:43:38.358Z] [ERROR] 
### [Error] ### Short URL not found for peL20a

Error: Short URL not found for peL20a
    at /home/jbalibrea/projects/shortener/api/src/services/shortURL.service.ts:116:11
    at Generator.next (<anonymous>)
    at fulfilled (/home/jbalibrea/projects/shortener/api/src/services/shortURL.service.ts:10:58)
    at processTicksAndRejections (node:internal/process/task_queues:105:5)
[2025-07-01T13:43:38.451Z] [ERROR] 
### [Error] ### Short URL not found for peL20a

Error: Short URL not found for peL20a
    at /home/jbalibrea/projects/shortener/api/src/services/shortURL.service.ts:116:11
    at Generator.next (<anonymous>)
    at fulfilled (/home/jbalibrea/projects/shortener/api/src/services/shortURL.service.ts:10:58)
    at processTicksAndRejections (node:internal/process/task_queues:105:5)
[2025-07-01T13:43:38.479Z] [ERROR] 
### [Error] ### Short URL not found for peL20a

Error: Short URL not found for peL20a
    at /home/jbalibrea/projects/shortener/api/src/services/shortURL.service.ts:116:11
    at Generator.next (<anonymous>)
    at fulfilled (/home/jbalibrea/projects/shortener/api/src/services/shortURL.service.ts:10:58)
    at processTicksAndRejections (node:internal/process/task_queues:105:5)
[2025-07-01T13:43:47.273Z] [ERROR] 
### [Error] ### Short URL not found for peL20a

Error: Short URL not found for peL20a
    at /home/jbalibrea/projects/shortener/api/src/services/shortURL.service.ts:116:11
    at Generator.next (<anonymous>)
    at fulfilled (/home/jbalibrea/projects/shortener/api/src/services/shortURL.service.ts:10:58)
    at processTicksAndRejections (node:internal/process/task_queues:105:5)
[2025-07-01T13:43:55.684Z] [ERROR] 
### [Error] ### Short URL not found for peL20a

Error: Short URL not found for peL20a
    at /home/jbalibrea/projects/shortener/api/src/services/shortURL.service.ts:116:11
    at Generator.next (<anonymous>)
    at fulfilled (/home/jbalibrea/projects/shortener/api/src/services/shortURL.service.ts:10:58)
    at processTicksAndRejections (node:internal/process/task_queues:105:5)
[2025-07-01T13:44:56.125Z] [INFO] MongoDB URI: mongodb+srv://jorgebalibrea1:SjbcW9aFspxrLXXd@cluster0.y2sr1wq.mongodb.net/shurl-dev?retryWrites=true&w=majority&appName=Cluster0
[2025-07-01T13:44:56.143Z] [INFO] Server running on port 3001
[2025-07-01T13:44:57.862Z] [INFO] connected to MongoDB
[2025-07-01T13:45:04.874Z] [INFO] MongoDB URI: mongodb+srv://jorgebalibrea1:SjbcW9aFspxrLXXd@cluster0.y2sr1wq.mongodb.net/shurl-dev?retryWrites=true&w=majority&appName=Cluster0
[2025-07-01T13:45:04.906Z] [INFO] Server running on port 3001
[2025-07-01T13:45:07.929Z] [INFO] MongoDB URI: mongodb+srv://jorgebalibrea1:SjbcW9aFspxrLXXd@cluster0.y2sr1wq.mongodb.net/shurl-dev?retryWrites=true&w=majority&appName=Cluster0
[2025-07-01T13:45:07.952Z] [INFO] Server running on port 3001
[2025-07-01T13:45:09.609Z] [INFO] connected to MongoDB
[2025-07-01T13:45:16.775Z] [INFO] MongoDB URI: mongodb+srv://jorgebalibrea1:SjbcW9aFspxrLXXd@cluster0.y2sr1wq.mongodb.net/shurl-dev?retryWrites=true&w=majority&appName=Cluster0
[2025-07-01T13:45:16.810Z] [INFO] Server running on port 3001
[2025-07-01T13:45:19.225Z] [INFO] connected to MongoDB
[2025-07-01T13:45:23.769Z] [ERROR] 
### [Error] ### Short URL not found for peL20a

Error: Short URL not found for peL20a
    at /home/jbalibrea/projects/shortener/api/src/services/shortURL.service.ts:116:11
    at Generator.next (<anonymous>)
    at fulfilled (/home/jbalibrea/projects/shortener/api/src/services/shortURL.service.ts:10:58)
    at processTicksAndRejections (node:internal/process/task_queues:105:5)
[2025-07-01T13:45:25.971Z] [ERROR] 
### [Error] ### Short URL not found for peL20a

Error: Short URL not found for peL20a
    at /home/jbalibrea/projects/shortener/api/src/services/shortURL.service.ts:116:11
    at Generator.next (<anonymous>)
    at fulfilled (/home/jbalibrea/projects/shortener/api/src/services/shortURL.service.ts:10:58)
    at processTicksAndRejections (node:internal/process/task_queues:105:5)
[2025-07-01T13:46:20.938Z] [INFO] MongoDB URI: mongodb+srv://jorgebalibrea1:SjbcW9aFspxrLXXd@cluster0.y2sr1wq.mongodb.net/shurl-dev?retryWrites=true&w=majority&appName=Cluster0
[2025-07-01T13:46:20.955Z] [INFO] Server running on port 3001
[2025-07-01T13:46:22.655Z] [INFO] connected to MongoDB
[2025-07-01T13:46:35.121Z] [INFO] MongoDB URI: mongodb+srv://jorgebalibrea1:SjbcW9aFspxrLXXd@cluster0.y2sr1wq.mongodb.net/shurl-dev?retryWrites=true&w=majority&appName=Cluster0
[2025-07-01T13:46:35.140Z] [INFO] Server running on port 3001
[2025-07-01T13:46:36.678Z] [INFO] connected to MongoDB
[2025-07-01T13:46:39.881Z] [ERROR] 
### [NotFoundError] ### Short URL not found for peL20a

NotFoundError: Short URL not found for peL20a
    at /home/jbalibrea/projects/shortener/api/src/services/shortURL.service.ts:116:11
    at Generator.next (<anonymous>)
    at fulfilled (/home/jbalibrea/projects/shortener/api/src/services/shortURL.service.ts:10:58)
    at processTicksAndRejections (node:internal/process/task_queues:105:5)
[2025-07-01T13:46:54.948Z] [ERROR] 
### [NotFoundError] ### Short URL not found for peL20a

NotFoundError: Short URL not found for peL20a
    at /home/jbalibrea/projects/shortener/api/src/services/shortURL.service.ts:116:11
    at Generator.next (<anonymous>)
    at fulfilled (/home/jbalibrea/projects/shortener/api/src/services/shortURL.service.ts:10:58)
    at processTicksAndRejections (node:internal/process/task_queues:105:5)
[2025-07-01T13:47:11.862Z] [ERROR] 
### [NotFoundError] ### Short URL not found for peL20a

NotFoundError: Short URL not found for peL20a
    at /home/jbalibrea/projects/shortener/api/src/services/shortURL.service.ts:116:11
    at Generator.next (<anonymous>)
    at fulfilled (/home/jbalibrea/projects/shortener/api/src/services/shortURL.service.ts:10:58)
    at processTicksAndRejections (node:internal/process/task_queues:105:5)
[2025-07-01T13:47:29.666Z] [ERROR] 
### [NotFoundError] ### Short URL not found for peL202

NotFoundError: Short URL not found for peL202
    at /home/jbalibrea/projects/shortener/api/src/services/shortURL.service.ts:116:11
    at Generator.next (<anonymous>)
    at fulfilled (/home/jbalibrea/projects/shortener/api/src/services/shortURL.service.ts:10:58)
    at processTicksAndRejections (node:internal/process/task_queues:105:5)
[2025-07-01T13:48:09.954Z] [ERROR] 
### [NotFoundError] ### Short URL not found for peL20a

NotFoundError: Short URL not found for peL20a
    at /home/jbalibrea/projects/shortener/api/src/services/shortURL.service.ts:116:11
    at Generator.next (<anonymous>)
    at fulfilled (/home/jbalibrea/projects/shortener/api/src/services/shortURL.service.ts:10:58)
    at processTicksAndRejections (node:internal/process/task_queues:105:5)
[2025-07-01T13:48:54.601Z] [ERROR] 
### [NotFoundError] ### Short URL not found for pel20b

NotFoundError: Short URL not found for pel20b
    at /home/jbalibrea/projects/shortener/api/src/services/shortURL.service.ts:116:11
    at Generator.next (<anonymous>)
    at fulfilled (/home/jbalibrea/projects/shortener/api/src/services/shortURL.service.ts:10:58)
    at processTicksAndRejections (node:internal/process/task_queues:105:5)
[2025-07-01T13:48:54.738Z] [ERROR] 
### [NotFoundError] ### Short URL not found for pel20b

NotFoundError: Short URL not found for pel20b
    at /home/jbalibrea/projects/shortener/api/src/services/shortURL.service.ts:116:11
    at Generator.next (<anonymous>)
    at fulfilled (/home/jbalibrea/projects/shortener/api/src/services/shortURL.service.ts:10:58)
    at processTicksAndRejections (node:internal/process/task_queues:105:5)
[2025-07-01T13:49:09.786Z] [ERROR] 
### [NotFoundError] ### Short URL not found for pel20

NotFoundError: Short URL not found for pel20
    at /home/jbalibrea/projects/shortener/api/src/services/shortURL.service.ts:116:11
    at Generator.next (<anonymous>)
    at fulfilled (/home/jbalibrea/projects/shortener/api/src/services/shortURL.service.ts:10:58)
    at processTicksAndRejections (node:internal/process/task_queues:105:5)
[2025-07-01T13:49:09.832Z] [ERROR] 
### [NotFoundError] ### Short URL not found for pel20

NotFoundError: Short URL not found for pel20
    at /home/jbalibrea/projects/shortener/api/src/services/shortURL.service.ts:116:11
    at Generator.next (<anonymous>)
    at fulfilled (/home/jbalibrea/projects/shortener/api/src/services/shortURL.service.ts:10:58)
    at processTicksAndRejections (node:internal/process/task_queues:105:5)
[2025-07-01T13:50:31.787Z] [ERROR] 
### [NotFoundError] ### Short URL not found for pel20

NotFoundError: Short URL not found for pel20
    at /home/jbalibrea/projects/shortener/api/src/services/shortURL.service.ts:116:11
    at Generator.next (<anonymous>)
    at fulfilled (/home/jbalibrea/projects/shortener/api/src/services/shortURL.service.ts:10:58)
    at processTicksAndRejections (node:internal/process/task_queues:105:5)
[2025-07-01T13:50:31.857Z] [ERROR] 
### [NotFoundError] ### Short URL not found for pel20

NotFoundError: Short URL not found for pel20
    at /home/jbalibrea/projects/shortener/api/src/services/shortURL.service.ts:116:11
    at Generator.next (<anonymous>)
    at fulfilled (/home/jbalibrea/projects/shortener/api/src/services/shortURL.service.ts:10:58)
    at processTicksAndRejections (node:internal/process/task_queues:105:5)
[2025-07-01T13:55:28.956Z] [ERROR] 
### [NotFoundError] ### Short URL not found for pel20

NotFoundError: Short URL not found for pel20
    at /home/jbalibrea/projects/shortener/api/src/services/shortURL.service.ts:116:11
    at Generator.next (<anonymous>)
    at fulfilled (/home/jbalibrea/projects/shortener/api/src/services/shortURL.service.ts:10:58)
    at processTicksAndRejections (node:internal/process/task_queues:105:5)
[2025-07-01T17:35:11.342Z] [INFO] MongoDB URI: mongodb+srv://jorgebalibrea1:SjbcW9aFspxrLXXd@cluster0.y2sr1wq.mongodb.net/shurl-dev?retryWrites=true&w=majority&appName=Cluster0
[2025-07-01T17:35:11.354Z] [INFO] Server running on port 3001
[2025-07-01T17:35:11.955Z] [INFO] connected to MongoDB
[2025-07-01T17:35:23.218Z] [INFO] MongoDB URI: mongodb+srv://jorgebalibrea1:SjbcW9aFspxrLXXd@cluster0.y2sr1wq.mongodb.net/shurl-dev?retryWrites=true&w=majority&appName=Cluster0
[2025-07-01T17:35:23.235Z] [INFO] Server running on port 3001
[2025-07-01T17:35:25.045Z] [INFO] connected to MongoDB
[2025-07-01T17:35:37.862Z] [INFO] MongoDB URI: mongodb+srv://jorgebalibrea1:SjbcW9aFspxrLXXd@cluster0.y2sr1wq.mongodb.net/shurl-dev?retryWrites=true&w=majority&appName=Cluster0
[2025-07-01T17:35:37.875Z] [INFO] Server running on port 3001
[2025-07-01T17:35:38.382Z] [INFO] connected to MongoDB
[2025-07-01T17:36:13.752Z] [INFO] MongoDB URI: mongodb+srv://jorgebalibrea1:SjbcW9aFspxrLXXd@cluster0.y2sr1wq.mongodb.net/shurl-dev?retryWrites=true&w=majority&appName=Cluster0
[2025-07-01T17:36:13.773Z] [INFO] Server running on port 3001
[2025-07-01T17:36:15.343Z] [INFO] connected to MongoDB
[2025-07-01T17:36:52.460Z] [INFO] MongoDB URI: mongodb+srv://jorgebalibrea1:SjbcW9aFspxrLXXd@cluster0.y2sr1wq.mongodb.net/shurl-dev?retryWrites=true&w=majority&appName=Cluster0
[2025-07-01T17:36:52.475Z] [INFO] Server running on port 3001
[2025-07-01T17:36:54.056Z] [INFO] connected to MongoDB
[2025-07-01T17:37:07.604Z] [INFO] MongoDB URI: mongodb+srv://jorgebalibrea1:SjbcW9aFspxrLXXd@cluster0.y2sr1wq.mongodb.net/shurl-dev?retryWrites=true&w=majority&appName=Cluster0
[2025-07-01T17:37:07.622Z] [INFO] Server running on port 3001
[2025-07-01T17:37:08.092Z] [INFO] connected to MongoDB
[2025-07-01T17:37:13.838Z] [INFO] MongoDB URI: mongodb+srv://jorgebalibrea1:SjbcW9aFspxrLXXd@cluster0.y2sr1wq.mongodb.net/shurl-dev?retryWrites=true&w=majority&appName=Cluster0
[2025-07-01T17:37:13.852Z] [INFO] Server running on port 3001
[2025-07-01T17:37:15.271Z] [INFO] connected to MongoDB
[2025-07-01T17:37:17.882Z] [INFO] MongoDB URI: mongodb+srv://jorgebalibrea1:SjbcW9aFspxrLXXd@cluster0.y2sr1wq.mongodb.net/shurl-dev?retryWrites=true&w=majority&appName=Cluster0
[2025-07-01T17:37:17.894Z] [INFO] Server running on port 3001
[2025-07-01T17:37:19.178Z] [INFO] connected to MongoDB
[2025-07-01T17:38:54.362Z] [INFO] MongoDB URI: mongodb+srv://jorgebalibrea1:SjbcW9aFspxrLXXd@cluster0.y2sr1wq.mongodb.net/shurl-dev?retryWrites=true&w=majority&appName=Cluster0
[2025-07-01T17:38:54.377Z] [INFO] Server running on port 3001
[2025-07-01T17:38:54.963Z] [INFO] connected to MongoDB
[2025-07-01T17:40:58.685Z] [INFO] MongoDB URI: mongodb+srv://jorgebalibrea1:SjbcW9aFspxrLXXd@cluster0.y2sr1wq.mongodb.net/shurl-dev?retryWrites=true&w=majority&appName=Cluster0
[2025-07-01T17:40:58.703Z] [INFO] Server running on port 3001
[2025-07-01T17:40:59.294Z] [INFO] connected to MongoDB
[2025-07-01T17:41:02.969Z] [INFO] MongoDB URI: mongodb+srv://jorgebalibrea1:SjbcW9aFspxrLXXd@cluster0.y2sr1wq.mongodb.net/shurl-dev?retryWrites=true&w=majority&appName=Cluster0
[2025-07-01T17:41:02.982Z] [INFO] Server running on port 3001
[2025-07-01T17:41:03.508Z] [INFO] connected to MongoDB
[2025-07-01T17:42:47.876Z] [INFO] MongoDB URI: mongodb+srv://jorgebalibrea1:SjbcW9aFspxrLXXd@cluster0.y2sr1wq.mongodb.net/shurl-dev?retryWrites=true&w=majority&appName=Cluster0
[2025-07-01T17:42:47.892Z] [INFO] Server running on port 3001
[2025-07-01T17:42:48.540Z] [INFO] connected to MongoDB
[2025-07-01T17:43:57.438Z] [INFO] MongoDB URI: mongodb+srv://jorgebalibrea1:SjbcW9aFspxrLXXd@cluster0.y2sr1wq.mongodb.net/shurl-dev?retryWrites=true&w=majority&appName=Cluster0
[2025-07-01T17:43:57.454Z] [INFO] Server running on port 3001
[2025-07-01T17:43:58.014Z] [INFO] connected to MongoDB
[2025-07-01T17:43:59.077Z] [INFO] MongoDB URI: mongodb+srv://jorgebalibrea1:SjbcW9aFspxrLXXd@cluster0.y2sr1wq.mongodb.net/shurl-dev?retryWrites=true&w=majority&appName=Cluster0
[2025-07-01T17:43:59.090Z] [INFO] Server running on port 3001
[2025-07-01T17:44:00.286Z] [INFO] MongoDB URI: mongodb+srv://jorgebalibrea1:SjbcW9aFspxrLXXd@cluster0.y2sr1wq.mongodb.net/shurl-dev?retryWrites=true&w=majority&appName=Cluster0
[2025-07-01T17:44:00.301Z] [INFO] Server running on port 3001
[2025-07-01T17:44:00.756Z] [INFO] connected to MongoDB
[2025-07-01T17:45:35.557Z] [INFO] MongoDB URI: mongodb+srv://jorgebalibrea1:SjbcW9aFspxrLXXd@cluster0.y2sr1wq.mongodb.net/shurl-dev?retryWrites=true&w=majority&appName=Cluster0
[2025-07-01T17:45:35.573Z] [INFO] Server running on port 3001
[2025-07-01T17:45:36.196Z] [INFO] connected to MongoDB
[2025-07-01T17:45:55.225Z] [INFO] MongoDB URI: mongodb+srv://jorgebalibrea1:SjbcW9aFspxrLXXd@cluster0.y2sr1wq.mongodb.net/shurl-dev?retryWrites=true&w=majority&appName=Cluster0
[2025-07-01T17:45:55.240Z] [INFO] Server running on port 3001
[2025-07-01T17:45:55.753Z] [INFO] connected to MongoDB
[2025-07-01T17:47:20.029Z] [INFO] MongoDB URI: mongodb+srv://jorgebalibrea1:SjbcW9aFspxrLXXd@cluster0.y2sr1wq.mongodb.net/shurl-dev?retryWrites=true&w=majority&appName=Cluster0
[2025-07-01T17:47:20.043Z] [INFO] Server running on port 3001
[2025-07-01T17:47:20.602Z] [INFO] connected to MongoDB
[2025-07-01T17:47:34.091Z] [INFO] MongoDB URI: mongodb+srv://jorgebalibrea1:SjbcW9aFspxrLXXd@cluster0.y2sr1wq.mongodb.net/shurl-dev?retryWrites=true&w=majority&appName=Cluster0
[2025-07-01T17:47:34.111Z] [INFO] Server running on port 3001
[2025-07-01T17:47:34.650Z] [INFO] connected to MongoDB
[2025-07-01T20:45:09.500Z] [ERROR] 
### [ValidationError] ### Required

ValidationError: Required
    at validateLoginBody (/home/jbalibrea/projects/shortener/api/src/middleware/validateAuthBody.ts:19:7)
    at Layer.handleRequest (/home/jbalibrea/projects/shortener/api/node_modules/.pnpm/router@2.2.0/node_modules/router/lib/layer.js:152:17)
    at next (/home/jbalibrea/projects/shortener/api/node_modules/.pnpm/router@2.2.0/node_modules/router/lib/route.js:157:13)
    at Route.dispatch (/home/jbalibrea/projects/shortener/api/node_modules/.pnpm/router@2.2.0/node_modules/router/lib/route.js:117:3)
    at handle (/home/jbalibrea/projects/shortener/api/node_modules/.pnpm/router@2.2.0/node_modules/router/index.js:435:11)
    at Layer.handleRequest (/home/jbalibrea/projects/shortener/api/node_modules/.pnpm/router@2.2.0/node_modules/router/lib/layer.js:152:17)
    at /home/jbalibrea/projects/shortener/api/node_modules/.pnpm/router@2.2.0/node_modules/router/index.js:295:15
    at processParams (/home/jbalibrea/projects/shortener/api/node_modules/.pnpm/router@2.2.0/node_modules/router/index.js:582:12)
    at next (/home/jbalibrea/projects/shortener/api/node_modules/.pnpm/router@2.2.0/node_modules/router/index.js:291:5)
    at Function.handle (/home/jbalibrea/projects/shortener/api/node_modules/.pnpm/router@2.2.0/node_modules/router/index.js:186:3)
[2025-07-01T20:45:14.463Z] [ERROR] 
### [ValidationError] ### Required

ValidationError: Required
    at validateLoginBody (/home/jbalibrea/projects/shortener/api/src/middleware/validateAuthBody.ts:19:7)
    at Layer.handleRequest (/home/jbalibrea/projects/shortener/api/node_modules/.pnpm/router@2.2.0/node_modules/router/lib/layer.js:152:17)
    at next (/home/jbalibrea/projects/shortener/api/node_modules/.pnpm/router@2.2.0/node_modules/router/lib/route.js:157:13)
    at Route.dispatch (/home/jbalibrea/projects/shortener/api/node_modules/.pnpm/router@2.2.0/node_modules/router/lib/route.js:117:3)
    at handle (/home/jbalibrea/projects/shortener/api/node_modules/.pnpm/router@2.2.0/node_modules/router/index.js:435:11)
    at Layer.handleRequest (/home/jbalibrea/projects/shortener/api/node_modules/.pnpm/router@2.2.0/node_modules/router/lib/layer.js:152:17)
    at /home/jbalibrea/projects/shortener/api/node_modules/.pnpm/router@2.2.0/node_modules/router/index.js:295:15
    at processParams (/home/jbalibrea/projects/shortener/api/node_modules/.pnpm/router@2.2.0/node_modules/router/index.js:582:12)
    at next (/home/jbalibrea/projects/shortener/api/node_modules/.pnpm/router@2.2.0/node_modules/router/index.js:291:5)
    at Function.handle (/home/jbalibrea/projects/shortener/api/node_modules/.pnpm/router@2.2.0/node_modules/router/index.js:186:3)
[2025-07-01T20:47:08.167Z] [INFO] MongoDB URI: mongodb+srv://jorgebalibrea1:SjbcW9aFspxrLXXd@cluster0.y2sr1wq.mongodb.net/shurl-dev?retryWrites=true&w=majority&appName=Cluster0
[2025-07-01T20:47:08.189Z] [INFO] Server running on port 3001
[2025-07-01T20:47:09.509Z] [ERROR] 
### [ValidationError] ### Required

ValidationError: Required
    at validateLoginBody (/home/jbalibrea/projects/shortener/api/src/middleware/validateAuthBody.ts:19:7)
    at Layer.handleRequest (/home/jbalibrea/projects/shortener/api/node_modules/.pnpm/router@2.2.0/node_modules/router/lib/layer.js:152:17)
    at next (/home/jbalibrea/projects/shortener/api/node_modules/.pnpm/router@2.2.0/node_modules/router/lib/route.js:157:13)
    at Route.dispatch (/home/jbalibrea/projects/shortener/api/node_modules/.pnpm/router@2.2.0/node_modules/router/lib/route.js:117:3)
    at handle (/home/jbalibrea/projects/shortener/api/node_modules/.pnpm/router@2.2.0/node_modules/router/index.js:435:11)
    at Layer.handleRequest (/home/jbalibrea/projects/shortener/api/node_modules/.pnpm/router@2.2.0/node_modules/router/lib/layer.js:152:17)
    at /home/jbalibrea/projects/shortener/api/node_modules/.pnpm/router@2.2.0/node_modules/router/index.js:295:15
    at processParams (/home/jbalibrea/projects/shortener/api/node_modules/.pnpm/router@2.2.0/node_modules/router/index.js:582:12)
    at next (/home/jbalibrea/projects/shortener/api/node_modules/.pnpm/router@2.2.0/node_modules/router/index.js:291:5)
    at Function.handle (/home/jbalibrea/projects/shortener/api/node_modules/.pnpm/router@2.2.0/node_modules/router/index.js:186:3)
[2025-07-01T20:47:10.534Z] [INFO] connected to MongoDB
[2025-07-01T20:47:22.524Z] [ERROR] 
### [ValidationError] ### Required

ValidationError: Required
    at validateLoginBody (/home/jbalibrea/projects/shortener/api/src/middleware/validateAuthBody.ts:19:7)
    at Layer.handleRequest (/home/jbalibrea/projects/shortener/api/node_modules/.pnpm/router@2.2.0/node_modules/router/lib/layer.js:152:17)
    at next (/home/jbalibrea/projects/shortener/api/node_modules/.pnpm/router@2.2.0/node_modules/router/lib/route.js:157:13)
    at Route.dispatch (/home/jbalibrea/projects/shortener/api/node_modules/.pnpm/router@2.2.0/node_modules/router/lib/route.js:117:3)
    at handle (/home/jbalibrea/projects/shortener/api/node_modules/.pnpm/router@2.2.0/node_modules/router/index.js:435:11)
    at Layer.handleRequest (/home/jbalibrea/projects/shortener/api/node_modules/.pnpm/router@2.2.0/node_modules/router/lib/layer.js:152:17)
    at /home/jbalibrea/projects/shortener/api/node_modules/.pnpm/router@2.2.0/node_modules/router/index.js:295:15
    at processParams (/home/jbalibrea/projects/shortener/api/node_modules/.pnpm/router@2.2.0/node_modules/router/index.js:582:12)
    at next (/home/jbalibrea/projects/shortener/api/node_modules/.pnpm/router@2.2.0/node_modules/router/index.js:291:5)
    at Function.handle (/home/jbalibrea/projects/shortener/api/node_modules/.pnpm/router@2.2.0/node_modules/router/index.js:186:3)
[2025-07-01T20:48:20.726Z] [ERROR] 
### [ValidationError] ### Required

ValidationError: Required
    at validateLoginBody (/home/jbalibrea/projects/shortener/api/src/middleware/validateAuthBody.ts:19:7)
    at Layer.handleRequest (/home/jbalibrea/projects/shortener/api/node_modules/.pnpm/router@2.2.0/node_modules/router/lib/layer.js:152:17)
    at next (/home/jbalibrea/projects/shortener/api/node_modules/.pnpm/router@2.2.0/node_modules/router/lib/route.js:157:13)
    at Route.dispatch (/home/jbalibrea/projects/shortener/api/node_modules/.pnpm/router@2.2.0/node_modules/router/lib/route.js:117:3)
    at handle (/home/jbalibrea/projects/shortener/api/node_modules/.pnpm/router@2.2.0/node_modules/router/index.js:435:11)
    at Layer.handleRequest (/home/jbalibrea/projects/shortener/api/node_modules/.pnpm/router@2.2.0/node_modules/router/lib/layer.js:152:17)
    at /home/jbalibrea/projects/shortener/api/node_modules/.pnpm/router@2.2.0/node_modules/router/index.js:295:15
    at processParams (/home/jbalibrea/projects/shortener/api/node_modules/.pnpm/router@2.2.0/node_modules/router/index.js:582:12)
    at next (/home/jbalibrea/projects/shortener/api/node_modules/.pnpm/router@2.2.0/node_modules/router/index.js:291:5)
    at Function.handle (/home/jbalibrea/projects/shortener/api/node_modules/.pnpm/router@2.2.0/node_modules/router/index.js:186:3)
[2025-07-01T20:48:36.822Z] [INFO] MongoDB URI: mongodb+srv://jorgebalibrea1:SjbcW9aFspxrLXXd@cluster0.y2sr1wq.mongodb.net/shurl-dev?retryWrites=true&w=majority&appName=Cluster0
[2025-07-01T20:48:36.880Z] [INFO] Server running on port 3001
[2025-07-01T20:48:37.704Z] [INFO] connected to MongoDB
[2025-07-01T20:48:41.313Z] [ERROR] 
### [ValidationError] ### Required

ValidationError: Required
    at validateLoginBody (/home/jbalibrea/projects/shortener/api/src/middleware/validateAuthBody.ts:19:7)
    at Layer.handleRequest (/home/jbalibrea/projects/shortener/api/node_modules/.pnpm/router@2.2.0/node_modules/router/lib/layer.js:152:17)
    at next (/home/jbalibrea/projects/shortener/api/node_modules/.pnpm/router@2.2.0/node_modules/router/lib/route.js:157:13)
    at Route.dispatch (/home/jbalibrea/projects/shortener/api/node_modules/.pnpm/router@2.2.0/node_modules/router/lib/route.js:117:3)
    at handle (/home/jbalibrea/projects/shortener/api/node_modules/.pnpm/router@2.2.0/node_modules/router/index.js:435:11)
    at Layer.handleRequest (/home/jbalibrea/projects/shortener/api/node_modules/.pnpm/router@2.2.0/node_modules/router/lib/layer.js:152:17)
    at /home/jbalibrea/projects/shortener/api/node_modules/.pnpm/router@2.2.0/node_modules/router/index.js:295:15
    at processParams (/home/jbalibrea/projects/shortener/api/node_modules/.pnpm/router@2.2.0/node_modules/router/index.js:582:12)
    at next (/home/jbalibrea/projects/shortener/api/node_modules/.pnpm/router@2.2.0/node_modules/router/index.js:291:5)
    at Function.handle (/home/jbalibrea/projects/shortener/api/node_modules/.pnpm/router@2.2.0/node_modules/router/index.js:186:3)
[2025-07-01T20:50:03.260Z] [INFO] MongoDB URI: mongodb+srv://jorgebalibrea1:SjbcW9aFspxrLXXd@cluster0.y2sr1wq.mongodb.net/shurl-dev?retryWrites=true&w=majority&appName=Cluster0
[2025-07-01T20:50:03.278Z] [INFO] Server running on port 3001
[2025-07-01T20:50:07.678Z] [ERROR] Failed to load router v1 /redirect ⨯ Unable to compile TypeScript:
src/routes/v1/redirect.ts(11,26): error TS2769: No overload matches this call.
  The last overload gave the following error.
    Argument of type '(req: Request, res: Response) => Promise<Response<any, Record<string, any>> | undefined>' is not assignable to parameter of type 'Application<Record<string, any>>'.
      Type '(req: Request<ParamsDictionary, any, any, ParsedQs, Record<string, any>>, res: Response<any, Record<string, any>>) => Promise<...>' is missing the following properties from type 'Application<Record<string, any>>': init, defaultConfiguration, engine, set, and 63 more.

Error: ⨯ Unable to compile TypeScript:
src/routes/v1/redirect.ts(11,26): error TS2769: No overload matches this call.
  The last overload gave the following error.
    Argument of type '(req: Request, res: Response) => Promise<Response<any, Record<string, any>> | undefined>' is not assignable to parameter of type 'Application<Record<string, any>>'.
      Type '(req: Request<ParamsDictionary, any, any, ParsedQs, Record<string, any>>, res: Response<any, Record<string, any>>) => Promise<...>' is missing the following properties from type 'Application<Record<string, any>>': init, defaultConfiguration, engine, set, and 63 more.

    at Object.<anonymous> (/home/jbalibrea/projects/shortener/api/src/routes/v1/redirect.ts:1:7)
    at Module.<anonymous> (node:internal/modules/cjs/loader:1730:14)
    at Module._compile (/home/jbalibrea/projects/shortener/api/node_modules/.pnpm/source-map-support@0.5.21/node_modules/source-map-support/source-map-support.js:568:25)
    at Module.m._compile (/tmp/ts-node-dev-hook-5616743336332286.js:69:33)
    at node:internal/modules/cjs/loader:1895:10
    at require.extensions..jsx.require.extensions..js (/tmp/ts-node-dev-hook-5616743336332286.js:114:20)
    at require.extensions.<computed> (/tmp/ts-node-dev-hook-5616743336332286.js:71:20)
    at Object.nodeDevHook [as .ts] (/home/jbalibrea/projects/shortener/api/node_modules/.pnpm/ts-node-dev@2.0.0_@types+node@24.0.7_typescript@5.8.3/node_modules/ts-node-dev/lib/hook.js:63:13)
    at Module.load (node:internal/modules/cjs/loader:1465:32)
    at Function._load (node:internal/modules/cjs/loader:1282:12)
[2025-07-01T20:50:08.506Z] [INFO] connected to MongoDB
[2025-07-01T20:51:28.014Z] [INFO] MongoDB URI: mongodb+srv://jorgebalibrea1:SjbcW9aFspxrLXXd@cluster0.y2sr1wq.mongodb.net/shurl-dev?retryWrites=true&w=majority&appName=Cluster0
[2025-07-01T20:51:28.037Z] [INFO] Server running on port 3001
[2025-07-01T20:51:32.016Z] [INFO] connected to MongoDB
[2025-07-01T20:52:13.836Z] [INFO] MongoDB URI: mongodb+srv://jorgebalibrea1:SjbcW9aFspxrLXXd@cluster0.y2sr1wq.mongodb.net/shurl-dev?retryWrites=true&w=majority&appName=Cluster0
[2025-07-01T20:52:13.861Z] [INFO] Server running on port 3001
[2025-07-01T20:52:14.735Z] [INFO] connected to MongoDB
[2025-07-01T20:52:38.384Z] [INFO] MongoDB URI: mongodb+srv://jorgebalibrea1:SjbcW9aFspxrLXXd@cluster0.y2sr1wq.mongodb.net/shurl-dev?retryWrites=true&w=majority&appName=Cluster0
[2025-07-01T20:52:38.411Z] [INFO] Server running on port 3001
[2025-07-01T20:52:40.303Z] [INFO] connected to MongoDB
[2025-07-01T20:53:10.664Z] [INFO] MongoDB URI: mongodb+srv://jorgebalibrea1:SjbcW9aFspxrLXXd@cluster0.y2sr1wq.mongodb.net/shurl-dev?retryWrites=true&w=majority&appName=Cluster0
[2025-07-01T20:53:10.685Z] [INFO] Server running on port 3001
[2025-07-01T20:53:11.381Z] [INFO] connected to MongoDB
[2025-07-01T20:53:26.986Z] [ERROR] 
### [ValidationError] ### Required

ValidationError: Required
    at validateLoginBody (/home/jbalibrea/projects/shortener/api/src/middleware/validateAuthBody.ts:20:7)
    at Layer.handleRequest (/home/jbalibrea/projects/shortener/api/node_modules/.pnpm/router@2.2.0/node_modules/router/lib/layer.js:152:17)
    at next (/home/jbalibrea/projects/shortener/api/node_modules/.pnpm/router@2.2.0/node_modules/router/lib/route.js:157:13)
    at Route.dispatch (/home/jbalibrea/projects/shortener/api/node_modules/.pnpm/router@2.2.0/node_modules/router/lib/route.js:117:3)
    at handle (/home/jbalibrea/projects/shortener/api/node_modules/.pnpm/router@2.2.0/node_modules/router/index.js:435:11)
    at Layer.handleRequest (/home/jbalibrea/projects/shortener/api/node_modules/.pnpm/router@2.2.0/node_modules/router/lib/layer.js:152:17)
    at /home/jbalibrea/projects/shortener/api/node_modules/.pnpm/router@2.2.0/node_modules/router/index.js:295:15
    at processParams (/home/jbalibrea/projects/shortener/api/node_modules/.pnpm/router@2.2.0/node_modules/router/index.js:582:12)
    at next (/home/jbalibrea/projects/shortener/api/node_modules/.pnpm/router@2.2.0/node_modules/router/index.js:291:5)
    at Function.handle (/home/jbalibrea/projects/shortener/api/node_modules/.pnpm/router@2.2.0/node_modules/router/index.js:186:3)
[2025-07-01T20:54:27.442Z] [ERROR] 
### [UnauthorizedError] ### Invalid username or password

UnauthorizedError: Invalid username or password
    at /home/jbalibrea/projects/shortener/api/src/services/auth.service.ts:89:11
    at Generator.next (<anonymous>)
    at fulfilled (/home/jbalibrea/projects/shortener/api/src/services/auth.service.ts:10:58)
[2025-07-01T21:06:51.109Z] [ERROR] 
### [ValidationError] ### Contraseña mínima 6 caracteres

ValidationError: Contraseña mínima 6 caracteres
    at validateLoginBody (/home/jbalibrea/projects/shortener/api/src/middleware/validateAuthBody.ts:20:7)
    at Layer.handleRequest (/home/jbalibrea/projects/shortener/api/node_modules/.pnpm/router@2.2.0/node_modules/router/lib/layer.js:152:17)
    at next (/home/jbalibrea/projects/shortener/api/node_modules/.pnpm/router@2.2.0/node_modules/router/lib/route.js:157:13)
    at Route.dispatch (/home/jbalibrea/projects/shortener/api/node_modules/.pnpm/router@2.2.0/node_modules/router/lib/route.js:117:3)
    at handle (/home/jbalibrea/projects/shortener/api/node_modules/.pnpm/router@2.2.0/node_modules/router/index.js:435:11)
    at Layer.handleRequest (/home/jbalibrea/projects/shortener/api/node_modules/.pnpm/router@2.2.0/node_modules/router/lib/layer.js:152:17)
    at /home/jbalibrea/projects/shortener/api/node_modules/.pnpm/router@2.2.0/node_modules/router/index.js:295:15
    at processParams (/home/jbalibrea/projects/shortener/api/node_modules/.pnpm/router@2.2.0/node_modules/router/index.js:582:12)
    at next (/home/jbalibrea/projects/shortener/api/node_modules/.pnpm/router@2.2.0/node_modules/router/index.js:291:5)
    at Function.handle (/home/jbalibrea/projects/shortener/api/node_modules/.pnpm/router@2.2.0/node_modules/router/index.js:186:3)
[2025-07-01T21:08:26.704Z] [ERROR] 
### [ValidationError] ### Contraseña mínima 6 caracteres

ValidationError: Contraseña mínima 6 caracteres
    at validateLoginBody (/home/jbalibrea/projects/shortener/api/src/middleware/validateAuthBody.ts:20:7)
    at Layer.handleRequest (/home/jbalibrea/projects/shortener/api/node_modules/.pnpm/router@2.2.0/node_modules/router/lib/layer.js:152:17)
    at next (/home/jbalibrea/projects/shortener/api/node_modules/.pnpm/router@2.2.0/node_modules/router/lib/route.js:157:13)
    at Route.dispatch (/home/jbalibrea/projects/shortener/api/node_modules/.pnpm/router@2.2.0/node_modules/router/lib/route.js:117:3)
    at handle (/home/jbalibrea/projects/shortener/api/node_modules/.pnpm/router@2.2.0/node_modules/router/index.js:435:11)
    at Layer.handleRequest (/home/jbalibrea/projects/shortener/api/node_modules/.pnpm/router@2.2.0/node_modules/router/lib/layer.js:152:17)
    at /home/jbalibrea/projects/shortener/api/node_modules/.pnpm/router@2.2.0/node_modules/router/index.js:295:15
    at processParams (/home/jbalibrea/projects/shortener/api/node_modules/.pnpm/router@2.2.0/node_modules/router/index.js:582:12)
    at next (/home/jbalibrea/projects/shortener/api/node_modules/.pnpm/router@2.2.0/node_modules/router/index.js:291:5)
    at Function.handle (/home/jbalibrea/projects/shortener/api/node_modules/.pnpm/router@2.2.0/node_modules/router/index.js:186:3)
[2025-07-01T21:08:43.030Z] [ERROR] 
### [ValidationError] ### Contraseña mínima 6 caracteres

ValidationError: Contraseña mínima 6 caracteres
    at validateLoginBody (/home/jbalibrea/projects/shortener/api/src/middleware/validateAuthBody.ts:20:7)
    at Layer.handleRequest (/home/jbalibrea/projects/shortener/api/node_modules/.pnpm/router@2.2.0/node_modules/router/lib/layer.js:152:17)
    at next (/home/jbalibrea/projects/shortener/api/node_modules/.pnpm/router@2.2.0/node_modules/router/lib/route.js:157:13)
    at Route.dispatch (/home/jbalibrea/projects/shortener/api/node_modules/.pnpm/router@2.2.0/node_modules/router/lib/route.js:117:3)
    at handle (/home/jbalibrea/projects/shortener/api/node_modules/.pnpm/router@2.2.0/node_modules/router/index.js:435:11)
    at Layer.handleRequest (/home/jbalibrea/projects/shortener/api/node_modules/.pnpm/router@2.2.0/node_modules/router/lib/layer.js:152:17)
    at /home/jbalibrea/projects/shortener/api/node_modules/.pnpm/router@2.2.0/node_modules/router/index.js:295:15
    at processParams (/home/jbalibrea/projects/shortener/api/node_modules/.pnpm/router@2.2.0/node_modules/router/index.js:582:12)
    at next (/home/jbalibrea/projects/shortener/api/node_modules/.pnpm/router@2.2.0/node_modules/router/index.js:291:5)
    at Function.handle (/home/jbalibrea/projects/shortener/api/node_modules/.pnpm/router@2.2.0/node_modules/router/index.js:186:3)
[2025-07-01T21:10:21.232Z] [ERROR] 
### [ValidationError] ### Contraseña mínima 6 caracteres

ValidationError: Contraseña mínima 6 caracteres
    at validateLoginBody (/home/jbalibrea/projects/shortener/api/src/middleware/validateAuthBody.ts:20:7)
    at Layer.handleRequest (/home/jbalibrea/projects/shortener/api/node_modules/.pnpm/router@2.2.0/node_modules/router/lib/layer.js:152:17)
    at next (/home/jbalibrea/projects/shortener/api/node_modules/.pnpm/router@2.2.0/node_modules/router/lib/route.js:157:13)
    at Route.dispatch (/home/jbalibrea/projects/shortener/api/node_modules/.pnpm/router@2.2.0/node_modules/router/lib/route.js:117:3)
    at handle (/home/jbalibrea/projects/shortener/api/node_modules/.pnpm/router@2.2.0/node_modules/router/index.js:435:11)
    at Layer.handleRequest (/home/jbalibrea/projects/shortener/api/node_modules/.pnpm/router@2.2.0/node_modules/router/lib/layer.js:152:17)
    at /home/jbalibrea/projects/shortener/api/node_modules/.pnpm/router@2.2.0/node_modules/router/index.js:295:15
    at processParams (/home/jbalibrea/projects/shortener/api/node_modules/.pnpm/router@2.2.0/node_modules/router/index.js:582:12)
    at next (/home/jbalibrea/projects/shortener/api/node_modules/.pnpm/router@2.2.0/node_modules/router/index.js:291:5)
    at Function.handle (/home/jbalibrea/projects/shortener/api/node_modules/.pnpm/router@2.2.0/node_modules/router/index.js:186:3)
[2025-07-01T21:10:49.596Z] [ERROR] 
### [UnauthorizedError] ### Invalid username or password

UnauthorizedError: Invalid username or password
    at /home/jbalibrea/projects/shortener/api/src/services/auth.service.ts:89:11
    at Generator.next (<anonymous>)
    at fulfilled (/home/jbalibrea/projects/shortener/api/src/services/auth.service.ts:10:58)
[2025-07-01T21:42:05.198Z] [ERROR] 
### [ValidationError] ### Contraseña mínima 6 caracteres

ValidationError: Contraseña mínima 6 caracteres
    at validateLoginBody (/home/jbalibrea/projects/shortener/api/src/middleware/validateAuthBody.ts:20:7)
    at Layer.handleRequest (/home/jbalibrea/projects/shortener/api/node_modules/.pnpm/router@2.2.0/node_modules/router/lib/layer.js:152:17)
    at next (/home/jbalibrea/projects/shortener/api/node_modules/.pnpm/router@2.2.0/node_modules/router/lib/route.js:157:13)
    at Route.dispatch (/home/jbalibrea/projects/shortener/api/node_modules/.pnpm/router@2.2.0/node_modules/router/lib/route.js:117:3)
    at handle (/home/jbalibrea/projects/shortener/api/node_modules/.pnpm/router@2.2.0/node_modules/router/index.js:435:11)
    at Layer.handleRequest (/home/jbalibrea/projects/shortener/api/node_modules/.pnpm/router@2.2.0/node_modules/router/lib/layer.js:152:17)
    at /home/jbalibrea/projects/shortener/api/node_modules/.pnpm/router@2.2.0/node_modules/router/index.js:295:15
    at processParams (/home/jbalibrea/projects/shortener/api/node_modules/.pnpm/router@2.2.0/node_modules/router/index.js:582:12)
    at next (/home/jbalibrea/projects/shortener/api/node_modules/.pnpm/router@2.2.0/node_modules/router/index.js:291:5)
    at Function.handle (/home/jbalibrea/projects/shortener/api/node_modules/.pnpm/router@2.2.0/node_modules/router/index.js:186:3)
